ZSH_THEME="ys"
